
> hair-salon-app@0.0.0 build
> next build

   Ôû▓ Next.js 14.1.0
   - Environments: .env.local, .env

   Creating an optimized production build ...
node.exe : Failed to compile.
At C:\Program 
Files\nodejs\npm.ps1:29 char:3
+   & $NODE_EXE $NPM_CLI_JS 
$args
+   
~~~~~~~~~~~~~~~~~~~~~~~~~~~~~
    + CategoryInfo          :  
   NotSpecified: (Failed to c  
  ompile.:String) [], Remote   
 Exception
    + FullyQualifiedErrorId :  
   NativeCommandError
 

./src/components/booking/step3-
datetime/MobileDateTimePicker.t
sx
Error: 
  [31mx[0m You're importing 
a component that needs 
useState. It only works in a 
Client Component but none of 
its parents are marked with 
"use client", so they're 
Server Components by default.
  [31m|[0m Learn more: https:
//nextjs.org/docs/getting-start
ed/react-essentials
  [31m|[0m 
  [31m|[0m 
   ,-[[36;1;4mC:\Users\zheny\D
ownloads\Dev\hair-salon-app\src
\components\booking\step3-datet
ime\MobileDateTimePicker.tsx[0
m:1:1]
 [2m1[0m | import { 
useState, useRef, useEffect } 
from 'react';
   : [31;1m         
^^^^^^^^[0m
 [2m2[0m | import { format, 
addDays, isSameDay, 
startOfDay, eachDayOfInterval 
} from 'date-fns';
 [2m3[0m | import { 
ChevronRight, ChevronDown, 
Calendar as CalendarIcon } 
from 'lucide-react';
 [2m3[0m | import { 
CalendarView } from 
'./CalendarView';
   `----

  [31mx[0m You're importing 
a component that needs useRef. 
It only works in a Client 
Component but none of its 
parents are marked with "use 
client", so they're Server 
Components by default.
  [31m|[0m Learn more: https:
//nextjs.org/docs/getting-start
ed/react-essentials
  [31m|[0m 
  [31m|[0m 
   ,-[[36;1;4mC:\Users\zheny\D
ownloads\Dev\hair-salon-app\src
\components\booking\step3-datet
ime\MobileDateTimePicker.tsx[0
m:1:1]
 [2m1[0m | import { 
useState, useRef, useEffect } 
from 'react';
   : [31;1m                   
^^^^^^[0m
 [2m2[0m | import { format, 
addDays, isSameDay, 
startOfDay, eachDayOfInterval 
} from 'date-fns';
 [2m3[0m | import { 
ChevronRight, ChevronDown, 
Calendar as CalendarIcon } 
from 'lucide-react';
 [2m3[0m | import { 
CalendarView } from 
'./CalendarView';
   `----

  [31mx[0m You're importing 
a component that needs 
useEffect. It only works in a 
Client Component but none of 
its parents are marked with 
"use client", so they're 
Server Components by default.
  [31m|[0m Learn more: https:
//nextjs.org/docs/getting-start
ed/react-essentials
  [31m|[0m 
  [31m|[0m 
   ,-[[36;1;4mC:\Users\zheny\D
ownloads\Dev\hair-salon-app\src
\components\booking\step3-datet
ime\MobileDateTimePicker.tsx[0
m:1:1]
 [2m1[0m | import { 
useState, useRef, useEffect } 
from 'react';
   : [31;1m                   
        ^^^^^^^^^[0m
 [2m2[0m | import { format, 
addDays, isSameDay, 
startOfDay, eachDayOfInterval 
} from 'date-fns';
 [2m3[0m | import { 
ChevronRight, ChevronDown, 
Calendar as CalendarIcon } 
from 'lucide-react';
 [2m3[0m | import { 
CalendarView } from 
'./CalendarView';
   `----

Import trace for requested 
module:
./src/components/booking/step3-
datetime/MobileDateTimePicker.t
sx
./src/components/booking/step3-
datetime/index.ts
./src/components/booking/index.
ts
./src/app/[locale]/layout.tsx


> Build failed because of 
webpack errors
