src/services/messagingUserService.ts(49,76): error TS1128: Declaration or statement expected.
